[technext.github.io/maxon/home-01.html]
[technext.github.io/maxon/css/bootstrap.min.css]
[technext.github.io/maxon/css/owl.carousel.min.css]
[technext.github.io/maxon/css/themify-icons.css]
[backblue.gif]
[fade.gif]
[index.html]
[technext.github.io/maxon/css/style.css]
[technext.github.io/maxon/images/logo.png]
[technext.github.io/maxon/home-02.html]
[technext.github.io/maxon/home-03.html]
[technext.github.io/maxon/images/ban-1.png]
[technext.github.io/maxon/images/liquid-img/bg.png]
[technext.github.io/maxon/images/liquid-img/1.jpg]
[technext.github.io/maxon/images/liquid-img/2.jpg]
[technext.github.io/maxon/images/arrow-right.png]
[technext.github.io/maxon/images/works/1.jpg]
[technext.github.io/maxon/images/works/2.jpg]
[technext.github.io/maxon/images/works/3.jpg]
[technext.github.io/maxon/images/icons/funfact/1.png]
[technext.github.io/maxon/images/icons/funfact/2.png]
[technext.github.io/maxon/images/icons/funfact/3.png]
[technext.github.io/maxon/images/icons/funfact/4.png]
[technext.github.io/maxon/images/video-bg.jpg]
[technext.github.io/maxon/images/avatar.jpg]
[technext.github.io/maxon/images/company-logo.png]
[technext.github.io/maxon/images/team/1.jpg]
[technext.github.io/maxon/images/team/2.jpg]
[technext.github.io/maxon/images/team/3.jpg]
[technext.github.io/maxon/images/post/1.jpg]
[technext.github.io/maxon/blog.html]
[technext.github.io/maxon/images/icons/map-marker.png]
[technext.github.io/maxon/images/icons/phone.png]
[technext.github.io/maxon/images/icons/email.png]
[technext.github.io/maxon/images/partners/1.png]
[technext.github.io/maxon/images/partners/2.png]
[technext.github.io/maxon/images/partners/3.png]
[technext.github.io/maxon/images/partners/4.png]
[technext.github.io/maxon/images/logo-white.png]
[technext.github.io/maxon/images/instagram/1.jpg]
[technext.github.io/maxon/images/instagram/2.jpg]
[technext.github.io/maxon/images/instagram/3.jpg]
[technext.github.io/maxon/images/instagram/4.jpg]
[technext.github.io/maxon/images/instagram/5.jpg]
[technext.github.io/maxon/images/instagram/6.jpg]
[technext.github.io/maxon/js/jquery-3.3.1.min.js]
[technext.github.io/maxon/js/jquery-ui.min.js]
[technext.github.io/maxon/js/bootstrap.min.js]
[technext.github.io/maxon/js/owl.carousel.min.js]
[technext.github.io/maxon/js/scripts.js]
[technext.github.io/maxon/home-01.html]
[technext.github.io/maxon/css/bootstrap.min.css]
[technext.github.io/maxon/css/owl.video.play.png]
[technext.github.io/maxon/css/owl.carousel.min.css]
[technext.github.io/maxon/css/fonts/themify9f24.eot]
[technext.github.io/maxon/css/fonts/themifyd41d.eot]
[technext.github.io/maxon/css/fonts/themify9f24.woff]
[technext.github.io/maxon/css/fonts/themify9f24.ttf]
[technext.github.io/maxon/css/themify-icons.css]
[technext.github.io/maxon/css/style.css]
[technext.github.io/maxon/home-02.html]
[technext.github.io/maxon/home-03.html]
[technext.github.io/maxon/blog.html]
[technext.github.io/maxon/css/owl.video.play.html]
[technext.github.io/maxon/css/fonts/themify9f24.svg]
[technext.github.io/maxon/css/fonts/themify9f24.svg]
